GCF_010094145.1_Didex1_protein.faa	718307-1.fa.mafft.hmm	single-copy	1	XP_033451061.1
GCF_010094145.1_Didex1_protein.faa	1001705at2759.hmm	multi-copy	8	XP_033445010.1
GCF_010094145.1_Didex1_protein.faa	1001705at2759.hmm	multi-copy	8	XP_033443159.1
GCF_010094145.1_Didex1_protein.faa	1001705at2759.hmm	multi-copy	8	XP_033454031.1
GCF_010094145.1_Didex1_protein.faa	1001705at2759.hmm	multi-copy	8	XP_033450497.1
GCF_010094145.1_Didex1_protein.faa	1001705at2759.hmm	multi-copy	8	XP_033452517.1
GCF_010094145.1_Didex1_protein.faa	1001705at2759.hmm	multi-copy	8	XP_033448605.1
GCF_010094145.1_Didex1_protein.faa	1001705at2759.hmm	multi-copy	8	XP_033446061.1
GCF_010094145.1_Didex1_protein.faa	1001705at2759.hmm	multi-copy	8	XP_033445639.1
GCA_011032825.1_Masph1_protein.faa	718307-1.fa.mafft.hmm	single-copy	1	KAF2869753.1
GCA_011032825.1_Masph1_protein.faa	1001705at2759.hmm	multi-copy	8	KAF2868776.1
GCA_011032825.1_Masph1_protein.faa	1001705at2759.hmm	multi-copy	8	KAF2871892.1
GCA_011032825.1_Masph1_protein.faa	1001705at2759.hmm	multi-copy	8	KAF2869335.1
GCA_011032825.1_Masph1_protein.faa	1001705at2759.hmm	multi-copy	8	KAF2866526.1
GCA_011032825.1_Masph1_protein.faa	1001705at2759.hmm	multi-copy	8	KAF2878140.1
GCA_011032825.1_Masph1_protein.faa	1001705at2759.hmm	multi-copy	8	KAF2871108.1
GCA_011032825.1_Masph1_protein.faa	1001705at2759.hmm	multi-copy	8	KAF2868588.1
GCA_011032825.1_Masph1_protein.faa	1001705at2759.hmm	multi-copy	8	KAF2866231.1
small_set.faa	718307-1.fa.mafft.hmm	absent	0	NA
small_set.faa	1001705at2759.hmm	absent	0	NA
multi_copy.faa	718307-1.fa.mafft.hmm	multi-copy	2	Massariosphaeria_phaeospora
multi_copy.faa	718307-1.fa.mafft.hmm	multi-copy	2	Didymella_exigua
multi_copy.faa	1001705at2759.hmm	absent	0	NA
