cdhit_editedGapCloserastperNIES564_25kmeroutput.transdecoder.faa	42at3041.hmm	single-copy	1	C261893.p1
cdhit_editedGapCloserastperNIES564_25kmeroutput.transdecoder.faa	45at3041.hmm	single-copy	1	C242297.p1
cdhit_editedGapCloserastperNIES564_25kmeroutput.transdecoder.faa	52at3041.hmm	single-copy	1	C262321.p1
cdhit_editedGapCloserpleothompNIES4126_25kmeroutput.transdecoder.faa	42at3041.hmm	single-copy	1	C421666.p1
cdhit_editedGapCloserpleothompNIES4126_25kmeroutput.transdecoder.faa	45at3041.hmm	single-copy	1	scaffold14325.p1
cdhit_editedGapCloserpleothompNIES4126_25kmeroutput.transdecoder.faa	52at3041.hmm	single-copy	1	C422052.p1
cdhit_editedGapCloservolcarnagNIES865_25kmeroutput.transdecoder.faa	42at3041.hmm	single-copy	1	scaffold2108.p1
cdhit_editedGapCloservolcarnagNIES865_25kmeroutput.transdecoder.faa	45at3041.hmm	single-copy	1	scaffold7216.p1
cdhit_editedGapCloservolcarnagNIES865_25kmeroutput.transdecoder.faa	52at3041.hmm	single-copy	1	C414684.p1
