file_name	single-copy	multi-copy	absent	per_single-copy	per_multi-copy	per_absent
cdhit_editedGapCloserastperNIES564_25kmeroutput.transdecoder.faa	3	0	0	1.0	0.0	0.0
cdhit_editedGapCloserpleothompNIES4126_25kmeroutput.transdecoder.faa	3	0	0	1.0	0.0	0.0
cdhit_editedGapCloservolcarnagNIES865_25kmeroutput.transdecoder.faa	3	0	0	1.0	0.0	0.0
